1784202807743,emulator-5562,CONNECTED,OTHER,ADB sync detected
1784202824326,emulator-5562,DISCONNECTED,OTHER,ADB sync removed
1784202825828,emulator-5562,CONNECTED,OTHER,ADB sync detected
1784202834893,emulator-5562,DISCONNECTED,OTHER,ADB sync removed
1784202836407,emulator-5562,CONNECTED,OTHER,ADB sync detected
1784202854516,emulator-5562,DISCONNECTED,OTHER,ADB sync removed
1784202856021,emulator-5562,CONNECTED,OTHER,ADB sync detected
1784202865066,emulator-5562,DISCONNECTED,OTHER,ADB sync removed
1784202866577,emulator-5562,CONNECTED,OTHER,ADB sync detected
1784202884733,emulator-5562,DISCONNECTED,OTHER,ADB sync removed
1784202886249,emulator-5562,CONNECTED,OTHER,ADB sync detected
1784202904339,emulator-5562,DISCONNECTED,OTHER,ADB sync removed
1784202905853,emulator-5562,CONNECTED,OTHER,ADB sync detected
1784202914915,emulator-5562,DISCONNECTED,OTHER,ADB sync removed
1784202916426,emulator-5562,CONNECTED,OTHER,ADB sync detected
1784202934510,emulator-5562,DISCONNECTED,OTHER,ADB sync removed
1784202936016,emulator-5562,CONNECTED,OTHER,ADB sync detected
1784202945064,emulator-5562,DISCONNECTED,OTHER,ADB sync removed
1784202946574,emulator-5562,CONNECTED,OTHER,ADB sync detected
1784202964644,emulator-5562,DISCONNECTED,OTHER,ADB sync removed
1784202966156,emulator-5562,CONNECTED,OTHER,ADB sync detected
1784202975209,emulator-5562,DISCONNECTED,OTHER,ADB sync removed
1784202976712,emulator-5562,CONNECTED,OTHER,ADB sync detected
1784202994805,emulator-5562,DISCONNECTED,OTHER,ADB sync removed
1784202996307,emulator-5562,CONNECTED,OTHER,ADB sync detected
1784203014394,emulator-5562,DISCONNECTED,OTHER,ADB sync removed
1784203015906,emulator-5562,CONNECTED,OTHER,ADB sync detected
1784203030979,emulator-5562,DISCONNECTED,OTHER,ADB sync removed
1784203032484,emulator-5562,CONNECTED,OTHER,ADB sync detected
1784203044532,emulator-5562,DISCONNECTED,OTHER,ADB sync removed
1784203046042,emulator-5562,CONNECTED,OTHER,ADB sync detected
1784203055100,emulator-5562,DISCONNECTED,OTHER,ADB sync removed
1784203056607,emulator-5562,CONNECTED,OTHER,ADB sync detected
1784203074700,emulator-5562,DISCONNECTED,OTHER,ADB sync removed
1784203076209,emulator-5562,CONNECTED,OTHER,ADB sync detected
1784203085252,emulator-5562,DISCONNECTED,OTHER,ADB sync removed
1784203086766,emulator-5562,CONNECTED,OTHER,ADB sync detected
1784203104849,emulator-5562,DISCONNECTED,OTHER,ADB sync removed
1784203106350,emulator-5562,CONNECTED,OTHER,ADB sync detected
1784203124435,emulator-5562,DISCONNECTED,OTHER,ADB sync removed
1784203125949,emulator-5562,CONNECTED,OTHER,ADB sync detected
1784203134998,emulator-5562,DISCONNECTED,OTHER,ADB sync removed
1784203136505,emulator-5562,CONNECTED,OTHER,ADB sync detected
1784203154609,emulator-5562,DISCONNECTED,OTHER,ADB sync removed
1784203156114,emulator-5562,CONNECTED,OTHER,ADB sync detected
1784203165172,emulator-5562,DISCONNECTED,OTHER,ADB sync removed
1784203166674,emulator-5562,CONNECTED,OTHER,ADB sync detected
1784203184752,emulator-5562,DISCONNECTED,OTHER,ADB sync removed
1784203186255,emulator-5562,CONNECTED,OTHER,ADB sync detected
1784203195301,emulator-5562,DISCONNECTED,OTHER,ADB sync removed
1784203196812,emulator-5562,CONNECTED,OTHER,ADB sync detected
1784203210405,C7YVB20423009098,CONNECTED,OTHER,ADB sync detected
1784203214934,emulator-5562,DISCONNECTED,OTHER,ADB sync removed
1784203216435,emulator-5562,CONNECTED,OTHER,ADB sync detected
1784203234506,emulator-5562,DISCONNECTED,OTHER,ADB sync removed
1784203236018,emulator-5562,CONNECTED,OTHER,ADB sync detected
1784203245085,emulator-5562,DISCONNECTED,OTHER,ADB sync removed
1784203246588,emulator-5562,CONNECTED,OTHER,ADB sync detected
1784203264718,emulator-5562,DISCONNECTED,OTHER,ADB sync removed
1784203266234,emulator-5562,CONNECTED,OTHER,ADB sync detected
1784203275280,emulator-5562,DISCONNECTED,OTHER,ADB sync removed
1784203276794,emulator-5562,CONNECTED,OTHER,ADB sync detected
1784203290366,C7YVB20423009098,DISCONNECTED,OTHER,ADB sync removed
1784203291878,C7YVB20423009098,CONNECTED,OTHER,ADB sync detected
1784203291879,emulator-5562,DISCONNECTED,OTHER,ADB sync removed
1784203293393,emulator-5562,CONNECTED,OTHER,ADB sync detected
1784203294898,emulator-5562,DISCONNECTED,OTHER,ADB sync removed
1784203296409,emulator-5562,CONNECTED,OTHER,ADB sync detected
1784203305458,emulator-5562,DISCONNECTED,OTHER,ADB sync removed
1784203306973,emulator-5562,CONNECTED,OTHER,ADB sync detected
1784203325069,emulator-5562,DISCONNECTED,OTHER,ADB sync removed
1784203326579,emulator-5562,CONNECTED,OTHER,ADB sync detected
1784203344648,emulator-5562,DISCONNECTED,OTHER,ADB sync removed
1784203346153,emulator-5562,CONNECTED,OTHER,ADB sync detected
1784203355194,emulator-5562,DISCONNECTED,OTHER,ADB sync removed
1784203356705,emulator-5562,CONNECTED,OTHER,ADB sync detected
1784203374884,emulator-5562,DISCONNECTED,OTHER,ADB sync removed
1784203376393,emulator-5562,CONNECTED,OTHER,ADB sync detected
1784203385453,emulator-5562,DISCONNECTED,OTHER,ADB sync removed
1784203386956,emulator-5562,CONNECTED,OTHER,ADB sync detected
1784203405057,emulator-5562,DISCONNECTED,OTHER,ADB sync removed
1784203406570,emulator-5562,CONNECTED,OTHER,ADB sync detected
1784203415605,emulator-5562,DISCONNECTED,OTHER,ADB sync removed
1784203417118,emulator-5562,CONNECTED,OTHER,ADB sync detected
1784203424654,emulator-5562,DISCONNECTED,OTHER,ADB sync removed
1784203426168,emulator-5562,CONNECTED,OTHER,ADB sync detected
1784203435212,emulator-5562,DISCONNECTED,OTHER,ADB sync removed
1784203436725,emulator-5562,CONNECTED,OTHER,ADB sync detected
1784203454802,emulator-5562,DISCONNECTED,OTHER,ADB sync removed
1784203456314,emulator-5562,CONNECTED,OTHER,ADB sync detected
1784203465356,emulator-5562,DISCONNECTED,OTHER,ADB sync removed
1784203466872,emulator-5562,CONNECTED,OTHER,ADB sync detected
1784203484956,emulator-5562,DISCONNECTED,OTHER,ADB sync removed
1784203486462,emulator-5562,CONNECTED,OTHER,ADB sync detected
1784203495547,emulator-5562,DISCONNECTED,OTHER,ADB sync removed
1784203497064,emulator-5562,CONNECTED,OTHER,ADB sync detected
1784203515150,emulator-5562,DISCONNECTED,OTHER,ADB sync removed
1784203516651,emulator-5562,CONNECTED,OTHER,ADB sync detected
1784203525676,emulator-5562,DISCONNECTED,OTHER,ADB sync removed
1784203527183,emulator-5562,CONNECTED,OTHER,ADB sync detected
1784203908940,C7YVB20423009098,CONNECTED,OTHER,ADB sync detected
1784203908941,emulator-5562,CONNECTED,OTHER,ADB sync detected
1784203925509,emulator-5562,DISCONNECTED,OTHER,ADB sync removed
1784203927026,emulator-5562,CONNECTED,OTHER,ADB sync detected
1784203945121,emulator-5562,DISCONNECTED,OTHER,ADB sync removed
1784203946623,emulator-5562,CONNECTED,OTHER,ADB sync detected
1784203955687,emulator-5562,DISCONNECTED,OTHER,ADB sync removed
1784203957196,emulator-5562,CONNECTED,OTHER,ADB sync detected
1784203975303,emulator-5562,DISCONNECTED,OTHER,ADB sync removed
1784203976803,emulator-5562,CONNECTED,OTHER,ADB sync detected
1784203985866,emulator-5562,DISCONNECTED,OTHER,ADB sync removed
1784203987371,emulator-5562,CONNECTED,OTHER,ADB sync detected
1784204005464,emulator-5562,DISCONNECTED,OTHER,ADB sync removed
1784204006977,emulator-5562,CONNECTED,OTHER,ADB sync detected
1784204016022,emulator-5562,DISCONNECTED,OTHER,ADB sync removed
1784204017530,emulator-5562,CONNECTED,OTHER,ADB sync detected
1784204035629,emulator-5562,DISCONNECTED,OTHER,ADB sync removed
1784204037136,emulator-5562,CONNECTED,OTHER,ADB sync detected
1784204055250,emulator-5562,DISCONNECTED,OTHER,ADB sync removed
1784204056766,emulator-5562,CONNECTED,OTHER,ADB sync detected
1784204065817,emulator-5562,DISCONNECTED,OTHER,ADB sync removed
1784204067321,emulator-5562,CONNECTED,OTHER,ADB sync detected
1784204085412,emulator-5562,DISCONNECTED,OTHER,ADB sync removed
1784204086917,emulator-5562,CONNECTED,OTHER,ADB sync detected
1784204095981,emulator-5562,DISCONNECTED,OTHER,ADB sync removed
1784204097486,emulator-5562,CONNECTED,OTHER,ADB sync detected
1784204115586,emulator-5562,DISCONNECTED,OTHER,ADB sync removed
1784204117089,emulator-5562,CONNECTED,OTHER,ADB sync detected
1784204126132,emulator-5562,DISCONNECTED,OTHER,ADB sync removed
1784204127633,emulator-5562,CONNECTED,OTHER,ADB sync detected
1784204135178,emulator-5562,DISCONNECTED,OTHER,ADB sync removed
1784204136687,emulator-5562,CONNECTED,OTHER,ADB sync detected
1784204145726,emulator-5562,DISCONNECTED,OTHER,ADB sync removed
1784204147237,emulator-5562,CONNECTED,OTHER,ADB sync detected
1784204165324,emulator-5562,DISCONNECTED,OTHER,ADB sync removed
1784204166834,emulator-5562,CONNECTED,OTHER,ADB sync detected
1784204175883,emulator-5562,DISCONNECTED,OTHER,ADB sync removed
1784204177398,emulator-5562,CONNECTED,OTHER,ADB sync detected
1784204195489,emulator-5562,DISCONNECTED,OTHER,ADB sync removed
1784204212526,C7YVB20423009098,CONNECTED,OTHER,ADB sync detected
1784204212527,emulator-5562,CONNECTED,OTHER,ADB sync detected
1784204215544,emulator-5562,DISCONNECTED,OTHER,ADB sync removed
1784204217047,emulator-5562,CONNECTED,OTHER,ADB sync detected
1784204228952,C7YVB20423009098,CONNECTED,OTHER,ADB sync detected
1784204236491,emulator-5562,CONNECTED,OTHER,ADB sync detected
1784204245533,emulator-5562,DISCONNECTED,OTHER,ADB sync removed
1784204259107,emulator-5562,CONNECTED,OTHER,ADB sync detected
1784204268156,C7YVB20423009098,DISCONNECTED,OTHER,ADB sync removed
1784204269657,emulator-5562,DISCONNECTED,OTHER,ADB sync removed
1784204271170,emulator-5562,CONNECTED,OTHER,ADB sync detected
1784204275695,emulator-5562,DISCONNECTED,OTHER,ADB sync removed
1784204277206,emulator-5562,CONNECTED,OTHER,ADB sync detected
1784204286251,emulator-5562,DISCONNECTED,OTHER,ADB sync removed
1784204287757,emulator-5562,CONNECTED,OTHER,ADB sync detected
1784204295279,C7YVB20423009098,CONNECTED,OTHER,ADB sync detected
1784204295280,emulator-5562,DISCONNECTED,OTHER,ADB sync removed
1784204296795,emulator-5562,CONNECTED,OTHER,ADB sync detected
1784204305843,emulator-5562,DISCONNECTED,OTHER,ADB sync removed
1784204307359,emulator-5562,CONNECTED,OTHER,ADB sync detected
1784204320884,C7YVB20423009098,CONNECTED,OTHER,ADB sync detected
1784204328426,emulator-5562,CONNECTED,OTHER,ADB sync detected
1784204335973,emulator-5562,DISCONNECTED,OTHER,ADB sync removed
1784204351086,emulator-5562,CONNECTED,OTHER,ADB sync detected
1784204355613,emulator-5562,DISCONNECTED,OTHER,ADB sync removed
1784204357120,emulator-5562,CONNECTED,OTHER,ADB sync detected
1784204366174,emulator-5562,DISCONNECTED,OTHER,ADB sync removed
1784204367682,emulator-5562,CONNECTED,OTHER,ADB sync detected
1784204385783,emulator-5562,DISCONNECTED,OTHER,ADB sync removed
1784204387298,emulator-5562,CONNECTED,OTHER,ADB sync detected
1784204396349,emulator-5562,DISCONNECTED,OTHER,ADB sync removed
1784204397852,emulator-5562,CONNECTED,OTHER,ADB sync detected
1784204415956,emulator-5562,DISCONNECTED,OTHER,ADB sync removed
1784204417466,emulator-5562,CONNECTED,OTHER,ADB sync detected
1784204435579,emulator-5562,DISCONNECTED,OTHER,ADB sync removed
1784204437094,emulator-5562,CONNECTED,OTHER,ADB sync detected
1784204446147,emulator-5562,DISCONNECTED,OTHER,ADB sync removed
1784204447651,emulator-5562,CONNECTED,OTHER,ADB sync detected
1784204465756,emulator-5562,DISCONNECTED,OTHER,ADB sync removed
1784204467260,emulator-5562,CONNECTED,OTHER,ADB sync detected
1784204476301,emulator-5562,DISCONNECTED,OTHER,ADB sync removed
1784204477808,emulator-5562,CONNECTED,OTHER,ADB sync detected
1784204495911,emulator-5562,DISCONNECTED,OTHER,ADB sync removed
1784204497418,emulator-5562,CONNECTED,OTHER,ADB sync detected
1784204506474,emulator-5562,DISCONNECTED,OTHER,ADB sync removed
1784204507984,emulator-5562,CONNECTED,OTHER,ADB sync detected
1784204526067,emulator-5562,DISCONNECTED,OTHER,ADB sync removed
1784204527575,emulator-5562,CONNECTED,OTHER,ADB sync detected
1784204545676,emulator-5562,DISCONNECTED,OTHER,ADB sync removed
1784204547185,emulator-5562,CONNECTED,OTHER,ADB sync detected
1784204556219,emulator-5562,DISCONNECTED,OTHER,ADB sync removed
1784204557723,emulator-5562,CONNECTED,OTHER,ADB sync detected
1784204575820,emulator-5562,DISCONNECTED,OTHER,ADB sync removed
1784204577327,emulator-5562,CONNECTED,OTHER,ADB sync detected
1784204586372,emulator-5562,DISCONNECTED,OTHER,ADB sync removed
1784204587876,emulator-5562,CONNECTED,OTHER,ADB sync detected
1784204605965,emulator-5562,DISCONNECTED,OTHER,ADB sync removed
1784204607468,emulator-5562,CONNECTED,OTHER,ADB sync detected
1784204616500,emulator-5562,DISCONNECTED,OTHER,ADB sync removed
1784204618013,emulator-5562,CONNECTED,OTHER,ADB sync detected
1784204636101,emulator-5562,DISCONNECTED,OTHER,ADB sync removed
1784204637604,emulator-5562,CONNECTED,OTHER,ADB sync detected
1784204655698,emulator-5562,DISCONNECTED,OTHER,ADB sync removed
1784204657205,emulator-5562,CONNECTED,OTHER,ADB sync detected
1784204666263,emulator-5562,DISCONNECTED,OTHER,ADB sync removed
1784204667770,emulator-5562,CONNECTED,OTHER,ADB sync detected
1784204685883,emulator-5562,DISCONNECTED,OTHER,ADB sync removed
1784204687386,emulator-5562,CONNECTED,OTHER,ADB sync detected
1784204696430,emulator-5562,DISCONNECTED,OTHER,ADB sync removed
1784204697931,emulator-5562,CONNECTED,OTHER,ADB sync detected
1784204716046,emulator-5562,DISCONNECTED,OTHER,ADB sync removed
1784204717561,emulator-5562,CONNECTED,OTHER,ADB sync detected
1784204726604,emulator-5562,DISCONNECTED,OTHER,ADB sync removed
1784204728115,emulator-5562,CONNECTED,OTHER,ADB sync detected
1784204735691,emulator-5562,DISCONNECTED,OTHER,ADB sync removed
1784204737195,emulator-5562,CONNECTED,OTHER,ADB sync detected
1784204746245,emulator-5562,DISCONNECTED,OTHER,ADB sync removed
1784204747747,emulator-5562,CONNECTED,OTHER,ADB sync detected
1784204765837,emulator-5562,DISCONNECTED,OTHER,ADB sync removed
1784204767351,emulator-5562,CONNECTED,OTHER,ADB sync detected
1784204776385,emulator-5562,DISCONNECTED,OTHER,ADB sync removed
1784204777891,emulator-5562,CONNECTED,OTHER,ADB sync detected
1784204795989,emulator-5562,DISCONNECTED,OTHER,ADB sync removed
1784204797498,emulator-5562,CONNECTED,OTHER,ADB sync detected
1784204806563,emulator-5562,DISCONNECTED,OTHER,ADB sync removed
1784204808073,emulator-5562,CONNECTED,OTHER,ADB sync detected
1784204826179,emulator-5562,DISCONNECTED,OTHER,ADB sync removed
1784204827693,emulator-5562,CONNECTED,OTHER,ADB sync detected
1784204836750,emulator-5562,DISCONNECTED,OTHER,ADB sync removed
1784204838255,emulator-5562,CONNECTED,OTHER,ADB sync detected
1784204845808,emulator-5562,DISCONNECTED,OTHER,ADB sync removed
1784204847308,emulator-5562,CONNECTED,OTHER,ADB sync detected
1784204875949,emulator-5562,DISCONNECTED,OTHER,ADB sync removed
1784204877452,emulator-5562,CONNECTED,OTHER,ADB sync detected
1784204886500,emulator-5562,DISCONNECTED,OTHER,ADB sync removed
1784204888002,emulator-5562,CONNECTED,OTHER,ADB sync detected
1784204906112,emulator-5562,DISCONNECTED,OTHER,ADB sync removed
1784204907612,emulator-5562,CONNECTED,OTHER,ADB sync detected
1784204916677,emulator-5562,DISCONNECTED,OTHER,ADB sync removed
1784204918187,emulator-5562,CONNECTED,OTHER,ADB sync detected
1784204936282,emulator-5562,DISCONNECTED,OTHER,ADB sync removed
1784204937797,emulator-5562,CONNECTED,OTHER,ADB sync detected
1784204946835,emulator-5562,DISCONNECTED,OTHER,ADB sync removed
1784204948345,emulator-5562,CONNECTED,OTHER,ADB sync detected
1784204955882,emulator-5562,DISCONNECTED,OTHER,ADB sync removed
1784204957387,emulator-5562,CONNECTED,OTHER,ADB sync detected
1784204966426,emulator-5562,DISCONNECTED,OTHER,ADB sync removed
1784204967927,emulator-5562,CONNECTED,OTHER,ADB sync detected
1784204986025,emulator-5562,DISCONNECTED,OTHER,ADB sync removed
1784204987533,emulator-5562,CONNECTED,OTHER,ADB sync detected
1784204996584,emulator-5562,DISCONNECTED,OTHER,ADB sync removed
1784204998086,emulator-5562,CONNECTED,OTHER,ADB sync detected
1784205016196,emulator-5562,DISCONNECTED,OTHER,ADB sync removed
1784205017702,emulator-5562,CONNECTED,OTHER,ADB sync detected
1784205026747,emulator-5562,DISCONNECTED,OTHER,ADB sync removed
1784205343264,C7YVB20423009098,CONNECTED,OTHER,ADB sync detected
1784205343265,emulator-5562,CONNECTED,OTHER,ADB sync detected
1784205346279,emulator-5562,DISCONNECTED,OTHER,ADB sync removed
1784205347793,emulator-5562,CONNECTED,OTHER,ADB sync detected
1784205356987,emulator-5562,DISCONNECTED,OTHER,ADB sync removed
1784205358499,emulator-5562,CONNECTED,OTHER,ADB sync detected
1784205376590,emulator-5562,DISCONNECTED,OTHER,ADB sync removed
1784205378095,emulator-5562,CONNECTED,OTHER,ADB sync detected
1784205388793,C7YVB20423009098,CONNECTED,OTHER,ADB sync detected
1784205418969,emulator-5562,CONNECTED,OTHER,ADB sync detected
1784205426509,emulator-5562,DISCONNECTED,OTHER,ADB sync removed
1784205428011,emulator-5562,CONNECTED,OTHER,ADB sync detected
1784205437124,emulator-5562,DISCONNECTED,OTHER,ADB sync removed
1784205438627,emulator-5562,CONNECTED,OTHER,ADB sync detected
1784205456741,emulator-5562,DISCONNECTED,OTHER,ADB sync removed
1784205458248,emulator-5562,CONNECTED,OTHER,ADB sync detected
1784205476377,emulator-5562,DISCONNECTED,OTHER,ADB sync removed
1784205477880,emulator-5562,CONNECTED,OTHER,ADB sync detected
1784205486939,emulator-5562,DISCONNECTED,OTHER,ADB sync removed
1784205488452,emulator-5562,CONNECTED,OTHER,ADB sync detected
1784205506547,emulator-5562,DISCONNECTED,OTHER,ADB sync removed
1784205508059,emulator-5562,CONNECTED,OTHER,ADB sync detected
1784205517127,emulator-5562,DISCONNECTED,OTHER,ADB sync removed
1784205518636,emulator-5562,CONNECTED,OTHER,ADB sync detected
1784205536731,emulator-5562,DISCONNECTED,OTHER,ADB sync removed
1784205538235,emulator-5562,CONNECTED,OTHER,ADB sync detected
1784205547275,emulator-5562,DISCONNECTED,OTHER,ADB sync removed
1784205548779,emulator-5562,CONNECTED,OTHER,ADB sync detected
1784205556329,emulator-5562,DISCONNECTED,OTHER,ADB sync removed
1784205557838,emulator-5562,CONNECTED,OTHER,ADB sync detected
1784205566896,emulator-5562,DISCONNECTED,OTHER,ADB sync removed
1784205568401,emulator-5562,CONNECTED,OTHER,ADB sync detected
1784205586496,emulator-5562,DISCONNECTED,OTHER,ADB sync removed
1784205588006,emulator-5562,CONNECTED,OTHER,ADB sync detected
1784205597049,emulator-5562,DISCONNECTED,OTHER,ADB sync removed
1784205598556,emulator-5562,CONNECTED,OTHER,ADB sync detected
1784205616659,emulator-5562,DISCONNECTED,OTHER,ADB sync removed
1784205618160,emulator-5562,CONNECTED,OTHER,ADB sync detected
1784205627209,emulator-5562,DISCONNECTED,OTHER,ADB sync removed
1784205628715,emulator-5562,CONNECTED,OTHER,ADB sync detected
1784205646853,emulator-5562,DISCONNECTED,OTHER,ADB sync removed
1784205648361,emulator-5562,CONNECTED,OTHER,ADB sync detected
1784205666468,emulator-5562,DISCONNECTED,OTHER,ADB sync removed
1784205667981,emulator-5562,CONNECTED,OTHER,ADB sync detected
1784205677029,emulator-5562,DISCONNECTED,OTHER,ADB sync removed
1784205678535,emulator-5562,CONNECTED,OTHER,ADB sync detected
1784205696657,emulator-5562,DISCONNECTED,OTHER,ADB sync removed
1784205698162,emulator-5562,CONNECTED,OTHER,ADB sync detected
1784205707193,emulator-5562,DISCONNECTED,OTHER,ADB sync removed
1784205708704,emulator-5562,CONNECTED,OTHER,ADB sync detected
1784205726818,emulator-5562,DISCONNECTED,OTHER,ADB sync removed
1784205728340,emulator-5562,CONNECTED,OTHER,ADB sync detected
1784205737398,emulator-5562,DISCONNECTED,OTHER,ADB sync removed
1784205738903,emulator-5562,CONNECTED,OTHER,ADB sync detected
1784205746442,emulator-5562,DISCONNECTED,OTHER,ADB sync removed
1784205747955,emulator-5562,CONNECTED,OTHER,ADB sync detected
1784205757001,emulator-5562,DISCONNECTED,OTHER,ADB sync removed
1784205758506,emulator-5562,CONNECTED,OTHER,ADB sync detected
1784205776611,emulator-5562,DISCONNECTED,OTHER,ADB sync removed
1784205778125,emulator-5562,CONNECTED,OTHER,ADB sync detected
1784205787189,emulator-5562,DISCONNECTED,OTHER,ADB sync removed
1784205788701,emulator-5562,CONNECTED,OTHER,ADB sync detected
1784205806809,emulator-5562,DISCONNECTED,OTHER,ADB sync removed
1784205808311,emulator-5562,CONNECTED,OTHER,ADB sync detected
1784205817379,emulator-5562,DISCONNECTED,OTHER,ADB sync removed
1784205818896,emulator-5562,CONNECTED,OTHER,ADB sync detected
1784205836996,emulator-5562,DISCONNECTED,OTHER,ADB sync removed
1784205838500,emulator-5562,CONNECTED,OTHER,ADB sync detected
1784205856576,emulator-5562,DISCONNECTED,OTHER,ADB sync removed
1784205858091,emulator-5562,CONNECTED,OTHER,ADB sync detected
1784205867141,emulator-5562,DISCONNECTED,OTHER,ADB sync removed
1784205868648,emulator-5562,CONNECTED,OTHER,ADB sync detected
1784205886730,emulator-5562,DISCONNECTED,OTHER,ADB sync removed
1784205888238,emulator-5562,CONNECTED,OTHER,ADB sync detected
1784205897289,emulator-5562,DISCONNECTED,OTHER,ADB sync removed
1784205898804,emulator-5562,CONNECTED,OTHER,ADB sync detected
1784205916894,emulator-5562,DISCONNECTED,OTHER,ADB sync removed
1784205918401,emulator-5562,CONNECTED,OTHER,ADB sync detected
1784205927444,emulator-5562,DISCONNECTED,OTHER,ADB sync removed
1784205928954,emulator-5562,CONNECTED,OTHER,ADB sync detected
1784205947072,emulator-5562,DISCONNECTED,OTHER,ADB sync removed
1784205948579,emulator-5562,CONNECTED,OTHER,ADB sync detected
1784205966702,emulator-5562,DISCONNECTED,OTHER,ADB sync removed
1784205968217,emulator-5562,CONNECTED,OTHER,ADB sync detected
1784205977256,emulator-5562,DISCONNECTED,OTHER,ADB sync removed
1784205978759,emulator-5562,CONNECTED,OTHER,ADB sync detected
1784205996857,emulator-5562,DISCONNECTED,OTHER,ADB sync removed
1784205998371,emulator-5562,CONNECTED,OTHER,ADB sync detected
1784206007420,emulator-5562,DISCONNECTED,OTHER,ADB sync removed
1784206008927,emulator-5562,CONNECTED,OTHER,ADB sync detected
1784206027035,emulator-5562,DISCONNECTED,OTHER,ADB sync removed
1784206028547,emulator-5562,CONNECTED,OTHER,ADB sync detected
1784206037584,emulator-5562,DISCONNECTED,OTHER,ADB sync removed
1784206039089,emulator-5562,CONNECTED,OTHER,ADB sync detected
1784206046651,emulator-5562,DISCONNECTED,OTHER,ADB sync removed
1784206048154,emulator-5562,CONNECTED,OTHER,ADB sync detected
1784206057174,emulator-5562,DISCONNECTED,OTHER,ADB sync removed
1784206058689,emulator-5562,CONNECTED,OTHER,ADB sync detected
1784206076774,emulator-5562,DISCONNECTED,OTHER,ADB sync removed
1784206078286,emulator-5562,CONNECTED,OTHER,ADB sync detected
1784206087346,emulator-5562,DISCONNECTED,OTHER,ADB sync removed
1784206088854,emulator-5562,CONNECTED,OTHER,ADB sync detected
1784206106921,emulator-5562,DISCONNECTED,OTHER,ADB sync removed
1784206108436,emulator-5562,CONNECTED,OTHER,ADB sync detected
1784206117471,emulator-5562,DISCONNECTED,OTHER,ADB sync removed
1784206118975,emulator-5562,CONNECTED,OTHER,ADB sync detected
1784206137061,emulator-5562,DISCONNECTED,OTHER,ADB sync removed
1784206138569,emulator-5562,CONNECTED,OTHER,ADB sync detected
1784206147607,emulator-5562,DISCONNECTED,OTHER,ADB sync removed
1784206149111,emulator-5562,CONNECTED,OTHER,ADB sync detected
1784206167216,emulator-5562,DISCONNECTED,OTHER,ADB sync removed
1784206168732,emulator-5562,CONNECTED,OTHER,ADB sync detected
1784206186854,emulator-5562,DISCONNECTED,OTHER,ADB sync removed
1784206188367,emulator-5562,CONNECTED,OTHER,ADB sync detected
1784206197421,emulator-5562,DISCONNECTED,OTHER,ADB sync removed
1784206198932,emulator-5562,CONNECTED,OTHER,ADB sync detected
1784206217029,emulator-5562,DISCONNECTED,OTHER,ADB sync removed
1784206218539,emulator-5562,CONNECTED,OTHER,ADB sync detected
1784206227582,emulator-5562,DISCONNECTED,OTHER,ADB sync removed
1784206229095,emulator-5562,CONNECTED,OTHER,ADB sync detected
1784206247182,emulator-5562,DISCONNECTED,OTHER,ADB sync removed
1784206248697,emulator-5562,CONNECTED,OTHER,ADB sync detected
1784206257736,emulator-5562,DISCONNECTED,OTHER,ADB sync removed
1784206259250,emulator-5562,CONNECTED,OTHER,ADB sync detected
1784206277340,emulator-5562,DISCONNECTED,OTHER,ADB sync removed
1784206278844,emulator-5562,CONNECTED,OTHER,ADB sync detected
1784206296916,emulator-5562,DISCONNECTED,OTHER,ADB sync removed
1784206298419,emulator-5562,CONNECTED,OTHER,ADB sync detected
1784206307474,emulator-5562,DISCONNECTED,OTHER,ADB sync removed
1784206308975,emulator-5562,CONNECTED,OTHER,ADB sync detected
1784206327074,emulator-5562,DISCONNECTED,OTHER,ADB sync removed
1784206328586,emulator-5562,CONNECTED,OTHER,ADB sync detected
1784206337611,emulator-5562,DISCONNECTED,OTHER,ADB sync removed
1784206339124,emulator-5562,CONNECTED,OTHER,ADB sync detected
1784206357217,emulator-5562,DISCONNECTED,OTHER,ADB sync removed
1784206358729,emulator-5562,CONNECTED,OTHER,ADB sync detected
1784206367778,emulator-5562,DISCONNECTED,OTHER,ADB sync removed
1784206369283,emulator-5562,CONNECTED,OTHER,ADB sync detected
1784206387379,emulator-5562,DISCONNECTED,OTHER,ADB sync removed
1784206388888,emulator-5562,CONNECTED,OTHER,ADB sync detected
1784206406984,emulator-5562,DISCONNECTED,OTHER,ADB sync removed
1784206408499,emulator-5562,CONNECTED,OTHER,ADB sync detected
1784206417568,emulator-5562,DISCONNECTED,OTHER,ADB sync removed
1784206419076,emulator-5562,CONNECTED,OTHER,ADB sync detected
1784206437162,emulator-5562,DISCONNECTED,OTHER,ADB sync removed
1784206438670,emulator-5562,CONNECTED,OTHER,ADB sync detected
1784206447711,emulator-5562,DISCONNECTED,OTHER,ADB sync removed
1784206449216,emulator-5562,CONNECTED,OTHER,ADB sync detected
1784206467319,emulator-5562,DISCONNECTED,OTHER,ADB sync removed
1784206468821,emulator-5562,CONNECTED,OTHER,ADB sync detected
1784206477889,emulator-5562,DISCONNECTED,OTHER,ADB sync removed
1784206479402,emulator-5562,CONNECTED,OTHER,ADB sync detected
1784206497503,emulator-5562,DISCONNECTED,OTHER,ADB sync removed
1784206499012,emulator-5562,CONNECTED,OTHER,ADB sync detected
1784206517135,emulator-5562,DISCONNECTED,OTHER,ADB sync removed
1784206518645,emulator-5562,CONNECTED,OTHER,ADB sync detected
1784206527695,emulator-5562,DISCONNECTED,OTHER,ADB sync removed
1784206529205,emulator-5562,CONNECTED,OTHER,ADB sync detected
1784206547290,emulator-5562,DISCONNECTED,OTHER,ADB sync removed
1784206548802,emulator-5562,CONNECTED,OTHER,ADB sync detected
1784206557834,emulator-5562,DISCONNECTED,OTHER,ADB sync removed
1784206559342,emulator-5562,CONNECTED,OTHER,ADB sync detected
1784206577437,emulator-5562,DISCONNECTED,OTHER,ADB sync removed
1784206578942,emulator-5562,CONNECTED,OTHER,ADB sync detected
1784206587983,emulator-5562,DISCONNECTED,OTHER,ADB sync removed
1784206589486,emulator-5562,CONNECTED,OTHER,ADB sync detected
1784206607578,emulator-5562,DISCONNECTED,OTHER,ADB sync removed
1784206609086,emulator-5562,CONNECTED,OTHER,ADB sync detected
1784206627160,emulator-5562,DISCONNECTED,OTHER,ADB sync removed
1784206628674,emulator-5562,CONNECTED,OTHER,ADB sync detected
1784206637715,emulator-5562,DISCONNECTED,OTHER,ADB sync removed
1784206639227,emulator-5562,CONNECTED,OTHER,ADB sync detected
1784206657311,emulator-5562,DISCONNECTED,OTHER,ADB sync removed
1784206658812,emulator-5562,CONNECTED,OTHER,ADB sync detected
1784206667869,emulator-5562,DISCONNECTED,OTHER,ADB sync removed
1784206669377,emulator-5562,CONNECTED,OTHER,ADB sync detected
1784206687460,emulator-5562,DISCONNECTED,OTHER,ADB sync removed
1784206688970,emulator-5562,CONNECTED,OTHER,ADB sync detected
1784206698005,emulator-5562,DISCONNECTED,OTHER,ADB sync removed
1784206699514,emulator-5562,CONNECTED,OTHER,ADB sync detected
1784206717612,emulator-5562,DISCONNECTED,OTHER,ADB sync removed
1784206719121,emulator-5562,CONNECTED,OTHER,ADB sync detected
1784206737206,emulator-5562,DISCONNECTED,OTHER,ADB sync removed
1784206738717,emulator-5562,CONNECTED,OTHER,ADB sync detected
1784206747770,emulator-5562,DISCONNECTED,OTHER,ADB sync removed
1784206749283,emulator-5562,CONNECTED,OTHER,ADB sync detected
1784206767388,emulator-5562,DISCONNECTED,OTHER,ADB sync removed
1784206768891,emulator-5562,CONNECTED,OTHER,ADB sync detected
1784206777949,emulator-5562,DISCONNECTED,OTHER,ADB sync removed
1784206779457,emulator-5562,CONNECTED,OTHER,ADB sync detected
1784206797549,emulator-5562,DISCONNECTED,OTHER,ADB sync removed
1784206799059,emulator-5562,CONNECTED,OTHER,ADB sync detected
1784206808103,emulator-5562,DISCONNECTED,OTHER,ADB sync removed
1784206809613,emulator-5562,CONNECTED,OTHER,ADB sync detected
1784206827706,emulator-5562,DISCONNECTED,OTHER,ADB sync removed
1784206829213,emulator-5562,CONNECTED,OTHER,ADB sync detected
1784206838252,emulator-5562,DISCONNECTED,OTHER,ADB sync removed
1784206839764,emulator-5562,CONNECTED,OTHER,ADB sync detected
1784206847305,emulator-5562,DISCONNECTED,OTHER,ADB sync removed
1784206848816,emulator-5562,CONNECTED,OTHER,ADB sync detected
1784206857878,emulator-5562,DISCONNECTED,OTHER,ADB sync removed
1784206859380,emulator-5562,CONNECTED,OTHER,ADB sync detected
1784206877487,emulator-5562,DISCONNECTED,OTHER,ADB sync removed
1784206878992,emulator-5562,CONNECTED,OTHER,ADB sync detected
1784206888052,emulator-5562,DISCONNECTED,OTHER,ADB sync removed
1784206889563,emulator-5562,CONNECTED,OTHER,ADB sync detected
1784206907817,emulator-5562,DISCONNECTED,OTHER,ADB sync removed
1784206909330,emulator-5562,CONNECTED,OTHER,ADB sync detected
1784206927411,emulator-5562,DISCONNECTED,OTHER,ADB sync removed
1784206928917,emulator-5562,CONNECTED,OTHER,ADB sync detected
1784206937970,emulator-5562,DISCONNECTED,OTHER,ADB sync removed
1784206939483,emulator-5562,CONNECTED,OTHER,ADB sync detected
1784206957601,emulator-5562,DISCONNECTED,OTHER,ADB sync removed
1784206959113,emulator-5562,CONNECTED,OTHER,ADB sync detected
1784206968175,emulator-5562,DISCONNECTED,OTHER,ADB sync removed
1784206969690,emulator-5562,CONNECTED,OTHER,ADB sync detected
1784206987794,emulator-5562,DISCONNECTED,OTHER,ADB sync removed
1784206989301,emulator-5562,CONNECTED,OTHER,ADB sync detected
1784206998347,emulator-5562,DISCONNECTED,OTHER,ADB sync removed
1784206999861,emulator-5562,CONNECTED,OTHER,ADB sync detected
1784207007405,emulator-5562,DISCONNECTED,OTHER,ADB sync removed
1784207008906,emulator-5562,CONNECTED,OTHER,ADB sync detected
1784207017954,emulator-5562,DISCONNECTED,OTHER,ADB sync removed
1784207019469,emulator-5562,CONNECTED,OTHER,ADB sync detected
1784207037541,emulator-5562,DISCONNECTED,OTHER,ADB sync removed
1784207039048,emulator-5562,CONNECTED,OTHER,ADB sync detected
1784207048067,emulator-5562,DISCONNECTED,OTHER,ADB sync removed
1784207049573,emulator-5562,CONNECTED,OTHER,ADB sync detected
1784207067694,emulator-5562,DISCONNECTED,OTHER,ADB sync removed
1784207069203,emulator-5562,CONNECTED,OTHER,ADB sync detected
1784207078263,emulator-5562,DISCONNECTED,OTHER,ADB sync removed
1784207079776,emulator-5562,CONNECTED,OTHER,ADB sync detected
1784207097880,emulator-5562,DISCONNECTED,OTHER,ADB sync removed
1784207099391,emulator-5562,CONNECTED,OTHER,ADB sync detected
1784207117507,emulator-5562,DISCONNECTED,OTHER,ADB sync removed
1784207119010,emulator-5562,CONNECTED,OTHER,ADB sync detected
1784207128073,emulator-5562,DISCONNECTED,OTHER,ADB sync removed
1784207129589,emulator-5562,CONNECTED,OTHER,ADB sync detected
1784207147672,emulator-5562,DISCONNECTED,OTHER,ADB sync removed
1784207149173,emulator-5562,CONNECTED,OTHER,ADB sync detected
1784207158226,emulator-5562,DISCONNECTED,OTHER,ADB sync removed
1784207159732,emulator-5562,CONNECTED,OTHER,ADB sync detected
1784207177822,emulator-5562,DISCONNECTED,OTHER,ADB sync removed
1784207179338,emulator-5562,CONNECTED,OTHER,ADB sync detected
1784207188379,emulator-5562,DISCONNECTED,OTHER,ADB sync removed
1784207189895,emulator-5562,CONNECTED,OTHER,ADB sync detected
1784207208011,emulator-5562,DISCONNECTED,OTHER,ADB sync removed
1784207209521,emulator-5562,CONNECTED,OTHER,ADB sync detected
1784207227629,emulator-5562,DISCONNECTED,OTHER,ADB sync removed
1784207229140,emulator-5562,CONNECTED,OTHER,ADB sync detected
1784207238187,emulator-5562,DISCONNECTED,OTHER,ADB sync removed
1784207239699,emulator-5562,CONNECTED,OTHER,ADB sync detected
1784207257783,emulator-5562,DISCONNECTED,OTHER,ADB sync removed
1784207259291,emulator-5562,CONNECTED,OTHER,ADB sync detected
1784207268345,emulator-5562,DISCONNECTED,OTHER,ADB sync removed
1784207269850,emulator-5562,CONNECTED,OTHER,ADB sync detected
1784207287950,emulator-5562,DISCONNECTED,OTHER,ADB sync removed
1784207289452,emulator-5562,CONNECTED,OTHER,ADB sync detected
1784207298507,emulator-5562,DISCONNECTED,OTHER,ADB sync removed
1784207300017,emulator-5562,CONNECTED,OTHER,ADB sync detected
1784207318117,emulator-5562,DISCONNECTED,OTHER,ADB sync removed
1784207319620,emulator-5562,CONNECTED,OTHER,ADB sync detected
1784207337702,emulator-5562,DISCONNECTED,OTHER,ADB sync removed
1784207339213,emulator-5562,CONNECTED,OTHER,ADB sync detected
1784207348275,emulator-5562,DISCONNECTED,OTHER,ADB sync removed
1784207349790,emulator-5562,CONNECTED,OTHER,ADB sync detected
1784207367876,emulator-5562,DISCONNECTED,OTHER,ADB sync removed
1784207369381,emulator-5562,CONNECTED,OTHER,ADB sync detected
1784207378415,emulator-5562,DISCONNECTED,OTHER,ADB sync removed
1784207379928,emulator-5562,CONNECTED,OTHER,ADB sync detected
1784207398005,emulator-5562,DISCONNECTED,OTHER,ADB sync removed
1784207399520,emulator-5562,CONNECTED,OTHER,ADB sync detected
1784207408551,emulator-5562,DISCONNECTED,OTHER,ADB sync removed
1784207410057,emulator-5562,CONNECTED,OTHER,ADB sync detected
1784207428153,emulator-5562,DISCONNECTED,OTHER,ADB sync removed
1784207429669,emulator-5562,CONNECTED,OTHER,ADB sync detected
1784207438691,emulator-5562,DISCONNECTED,OTHER,ADB sync removed
1784207440200,emulator-5562,CONNECTED,OTHER,ADB sync detected
1784207447736,emulator-5562,DISCONNECTED,OTHER,ADB sync removed
1784207449238,emulator-5562,CONNECTED,OTHER,ADB sync detected
1784207458287,emulator-5562,DISCONNECTED,OTHER,ADB sync removed
1784207459788,emulator-5562,CONNECTED,OTHER,ADB sync detected
1784207477898,emulator-5562,DISCONNECTED,OTHER,ADB sync removed
1784207479410,emulator-5562,CONNECTED,OTHER,ADB sync detected
1784207488463,emulator-5562,DISCONNECTED,OTHER,ADB sync removed
1784207489965,emulator-5562,CONNECTED,OTHER,ADB sync detected
1784207508063,emulator-5562,DISCONNECTED,OTHER,ADB sync removed
1784207509578,emulator-5562,CONNECTED,OTHER,ADB sync detected
1784207518618,emulator-5562,DISCONNECTED,OTHER,ADB sync removed
1784207520129,emulator-5562,CONNECTED,OTHER,ADB sync detected
1784207538227,emulator-5562,DISCONNECTED,OTHER,ADB sync removed
1784207539728,emulator-5562,CONNECTED,OTHER,ADB sync detected
1784207557798,emulator-5562,DISCONNECTED,OTHER,ADB sync removed
1784207559299,emulator-5562,CONNECTED,OTHER,ADB sync detected
1784207568338,emulator-5562,DISCONNECTED,OTHER,ADB sync removed
1784207569848,emulator-5562,CONNECTED,OTHER,ADB sync detected
1784207587954,emulator-5562,DISCONNECTED,OTHER,ADB sync removed
1784207589464,emulator-5562,CONNECTED,OTHER,ADB sync detected
1784207598519,emulator-5562,DISCONNECTED,OTHER,ADB sync removed
1784207600030,emulator-5562,CONNECTED,OTHER,ADB sync detected
1784207618110,emulator-5562,DISCONNECTED,OTHER,ADB sync removed
1784207619617,emulator-5562,CONNECTED,OTHER,ADB sync detected
1784207628666,emulator-5562,DISCONNECTED,OTHER,ADB sync removed
1784207630180,emulator-5562,CONNECTED,OTHER,ADB sync detected
1784207648288,emulator-5562,DISCONNECTED,OTHER,ADB sync removed
1784207649791,emulator-5562,CONNECTED,OTHER,ADB sync detected
1784207658833,emulator-5562,DISCONNECTED,OTHER,ADB sync removed
1784207660336,emulator-5562,CONNECTED,OTHER,ADB sync detected
1784207667872,emulator-5562,DISCONNECTED,OTHER,ADB sync removed
1784207669386,emulator-5562,CONNECTED,OTHER,ADB sync detected
1784207678439,emulator-5562,DISCONNECTED,OTHER,ADB sync removed
1784207679952,emulator-5562,CONNECTED,OTHER,ADB sync detected
1784207698056,emulator-5562,DISCONNECTED,OTHER,ADB sync removed
1784207699559,emulator-5562,CONNECTED,OTHER,ADB sync detected
1784207708598,emulator-5562,DISCONNECTED,OTHER,ADB sync removed
1784207710099,emulator-5562,CONNECTED,OTHER,ADB sync detected
1784207728214,emulator-5562,DISCONNECTED,OTHER,ADB sync removed
1784207729722,emulator-5562,CONNECTED,OTHER,ADB sync detected
1784207738781,emulator-5562,DISCONNECTED,OTHER,ADB sync removed
1784207740285,emulator-5562,CONNECTED,OTHER,ADB sync detected
1784207758405,emulator-5562,DISCONNECTED,OTHER,ADB sync removed
1784207759907,emulator-5562,CONNECTED,OTHER,ADB sync detected
1784207777993,emulator-5562,DISCONNECTED,OTHER,ADB sync removed
1784207779501,emulator-5562,CONNECTED,OTHER,ADB sync detected
1784207788556,emulator-5562,DISCONNECTED,OTHER,ADB sync removed
1784207790067,emulator-5562,CONNECTED,OTHER,ADB sync detected
1784207808148,emulator-5562,DISCONNECTED,OTHER,ADB sync removed
1784207809652,emulator-5562,CONNECTED,OTHER,ADB sync detected
1784207818703,emulator-5562,DISCONNECTED,OTHER,ADB sync removed
1784207820308,emulator-5562,CONNECTED,OTHER,ADB sync detected
1784207838415,emulator-5562,DISCONNECTED,OTHER,ADB sync removed
1784207839918,emulator-5562,CONNECTED,OTHER,ADB sync detected
1784207848959,emulator-5562,DISCONNECTED,OTHER,ADB sync removed
1784207850462,emulator-5562,CONNECTED,OTHER,ADB sync detected
1784207858003,emulator-5562,DISCONNECTED,OTHER,ADB sync removed
1784207859516,emulator-5562,CONNECTED,OTHER,ADB sync detected
1784207868576,emulator-5562,DISCONNECTED,OTHER,ADB sync removed
1784207870081,emulator-5562,CONNECTED,OTHER,ADB sync detected
1784207888154,emulator-5562,DISCONNECTED,OTHER,ADB sync removed
1784207889660,emulator-5562,CONNECTED,OTHER,ADB sync detected
1784207898697,emulator-5562,DISCONNECTED,OTHER,ADB sync removed
1784207900201,emulator-5562,CONNECTED,OTHER,ADB sync detected
1784207918296,emulator-5562,DISCONNECTED,OTHER,ADB sync removed
1784207919799,emulator-5562,CONNECTED,OTHER,ADB sync detected
1784207928852,emulator-5562,DISCONNECTED,OTHER,ADB sync removed
1784207930360,emulator-5562,CONNECTED,OTHER,ADB sync detected
1784207948468,emulator-5562,DISCONNECTED,OTHER,ADB sync removed
1784207949979,emulator-5562,CONNECTED,OTHER,ADB sync detected
1784207968089,emulator-5562,DISCONNECTED,OTHER,ADB sync removed
1784207969596,emulator-5562,CONNECTED,OTHER,ADB sync detected
1784207978667,emulator-5562,DISCONNECTED,OTHER,ADB sync removed
1784207980177,emulator-5562,CONNECTED,OTHER,ADB sync detected
1784207998240,emulator-5562,DISCONNECTED,OTHER,ADB sync removed
1784207999744,emulator-5562,CONNECTED,OTHER,ADB sync detected
1784208008786,emulator-5562,DISCONNECTED,OTHER,ADB sync removed
1784208010288,emulator-5562,CONNECTED,OTHER,ADB sync detected
1784208028398,emulator-5562,DISCONNECTED,OTHER,ADB sync removed
1784208029903,emulator-5562,CONNECTED,OTHER,ADB sync detected
1784208038956,emulator-5562,DISCONNECTED,OTHER,ADB sync removed
1784208040460,emulator-5562,CONNECTED,OTHER,ADB sync detected
1784208058553,emulator-5562,DISCONNECTED,OTHER,ADB sync removed
1784208060055,emulator-5562,CONNECTED,OTHER,ADB sync detected
1784208069086,emulator-5562,DISCONNECTED,OTHER,ADB sync removed
1784208070601,emulator-5562,CONNECTED,OTHER,ADB sync detected
1784208078160,emulator-5562,DISCONNECTED,OTHER,ADB sync removed
1784208079673,emulator-5562,CONNECTED,OTHER,ADB sync detected
1784208088725,emulator-5562,DISCONNECTED,OTHER,ADB sync removed
1784208090231,emulator-5562,CONNECTED,OTHER,ADB sync detected
1784208108329,emulator-5562,DISCONNECTED,OTHER,ADB sync removed
1784208109834,emulator-5562,CONNECTED,OTHER,ADB sync detected
1784208118891,emulator-5562,DISCONNECTED,OTHER,ADB sync removed
1784208120403,emulator-5562,CONNECTED,OTHER,ADB sync detected
1784208138503,emulator-5562,DISCONNECTED,OTHER,ADB sync removed
1784208140014,emulator-5562,CONNECTED,OTHER,ADB sync detected
1784208149046,emulator-5562,DISCONNECTED,OTHER,ADB sync removed
1784208150548,emulator-5562,CONNECTED,OTHER,ADB sync detected
1784208168625,emulator-5562,DISCONNECTED,OTHER,ADB sync removed
1784208170139,emulator-5562,CONNECTED,OTHER,ADB sync detected
1784208179190,emulator-5562,DISCONNECTED,OTHER,ADB sync removed
1784208180690,emulator-5562,CONNECTED,OTHER,ADB sync detected
1784208188220,emulator-5562,DISCONNECTED,OTHER,ADB sync removed
1784208189724,emulator-5562,CONNECTED,OTHER,ADB sync detected
1784208198748,emulator-5562,DISCONNECTED,OTHER,ADB sync removed
1784208200254,emulator-5562,CONNECTED,OTHER,ADB sync detected
1784208218369,emulator-5562,DISCONNECTED,OTHER,ADB sync removed
1784208219869,emulator-5562,CONNECTED,OTHER,ADB sync detected
1784208228920,emulator-5562,DISCONNECTED,OTHER,ADB sync removed
1784208230435,emulator-5562,CONNECTED,OTHER,ADB sync detected
1784208248529,emulator-5562,DISCONNECTED,OTHER,ADB sync removed
1784208250042,emulator-5562,CONNECTED,OTHER,ADB sync detected
1784208259094,emulator-5562,DISCONNECTED,OTHER,ADB sync removed
1784208260605,emulator-5562,CONNECTED,OTHER,ADB sync detected
1784208278714,emulator-5562,DISCONNECTED,OTHER,ADB sync removed
1784208280219,emulator-5562,CONNECTED,OTHER,ADB sync detected
1784208289279,emulator-5562,DISCONNECTED,OTHER,ADB sync removed
1784208290792,emulator-5562,CONNECTED,OTHER,ADB sync detected
1784208298337,emulator-5562,DISCONNECTED,OTHER,ADB sync removed
1784208299846,emulator-5562,CONNECTED,OTHER,ADB sync detected
1784208308872,emulator-5562,DISCONNECTED,OTHER,ADB sync removed
1784208310385,emulator-5562,CONNECTED,OTHER,ADB sync detected
1784208328494,emulator-5562,DISCONNECTED,OTHER,ADB sync removed
1784208329995,emulator-5562,CONNECTED,OTHER,ADB sync detected
1784208339029,emulator-5562,DISCONNECTED,OTHER,ADB sync removed
1784208340539,emulator-5562,CONNECTED,OTHER,ADB sync detected
1784208358641,emulator-5562,DISCONNECTED,OTHER,ADB sync removed
1784208360143,emulator-5562,CONNECTED,OTHER,ADB sync detected
1784208369174,emulator-5562,DISCONNECTED,OTHER,ADB sync removed
1784208370690,emulator-5562,CONNECTED,OTHER,ADB sync detected
1784208388786,emulator-5562,DISCONNECTED,OTHER,ADB sync removed
1784208390300,emulator-5562,CONNECTED,OTHER,ADB sync detected
1784208399347,emulator-5562,DISCONNECTED,OTHER,ADB sync removed
1784208400855,emulator-5562,CONNECTED,OTHER,ADB sync detected
1784208408395,emulator-5562,DISCONNECTED,OTHER,ADB sync removed
1784208409899,emulator-5562,CONNECTED,OTHER,ADB sync detected
1784208418939,emulator-5562,DISCONNECTED,OTHER,ADB sync removed
1784208420443,emulator-5562,CONNECTED,OTHER,ADB sync detected
1784208438536,emulator-5562,DISCONNECTED,OTHER,ADB sync removed
1784208440052,emulator-5562,CONNECTED,OTHER,ADB sync detected
1784208449093,emulator-5562,DISCONNECTED,OTHER,ADB sync removed
1784208450596,emulator-5562,CONNECTED,OTHER,ADB sync detected
1784208468673,emulator-5562,DISCONNECTED,OTHER,ADB sync removed
1784208470186,emulator-5562,CONNECTED,OTHER,ADB sync detected
1784208479228,emulator-5562,DISCONNECTED,OTHER,ADB sync removed
1784208480743,emulator-5562,CONNECTED,OTHER,ADB sync detected
1784208498856,emulator-5562,DISCONNECTED,OTHER,ADB sync removed
1784208500363,emulator-5562,CONNECTED,OTHER,ADB sync detected
1784208509398,emulator-5562,DISCONNECTED,OTHER,ADB sync removed
1784208510906,emulator-5562,CONNECTED,OTHER,ADB sync detected
1784208529010,emulator-5562,DISCONNECTED,OTHER,ADB sync removed
1784208530512,emulator-5562,CONNECTED,OTHER,ADB sync detected
1784208548617,emulator-5562,DISCONNECTED,OTHER,ADB sync removed
1784208550132,emulator-5562,CONNECTED,OTHER,ADB sync detected
1784208559180,emulator-5562,DISCONNECTED,OTHER,ADB sync removed
1784208560685,emulator-5562,CONNECTED,OTHER,ADB sync detected
1784208578777,emulator-5562,DISCONNECTED,OTHER,ADB sync removed
1784208580288,emulator-5562,CONNECTED,OTHER,ADB sync detected
1784208589331,emulator-5562,DISCONNECTED,OTHER,ADB sync removed
1784208590835,emulator-5562,CONNECTED,OTHER,ADB sync detected
1784208608968,emulator-5562,DISCONNECTED,OTHER,ADB sync removed
1784208610472,emulator-5562,CONNECTED,OTHER,ADB sync detected
1784208619538,emulator-5562,DISCONNECTED,OTHER,ADB sync removed
1784208621051,emulator-5562,CONNECTED,OTHER,ADB sync detected
1784208628605,emulator-5562,DISCONNECTED,OTHER,ADB sync removed
1784208630107,emulator-5562,CONNECTED,OTHER,ADB sync detected
1784208639147,emulator-5562,DISCONNECTED,OTHER,ADB sync removed
1784208640660,emulator-5562,CONNECTED,OTHER,ADB sync detected
1784208658748,emulator-5562,DISCONNECTED,OTHER,ADB sync removed
1784208660250,emulator-5562,CONNECTED,OTHER,ADB sync detected
1784208669300,emulator-5562,DISCONNECTED,OTHER,ADB sync removed
1784208670813,emulator-5562,CONNECTED,OTHER,ADB sync detected
1784208688909,emulator-5562,DISCONNECTED,OTHER,ADB sync removed
1784208690421,emulator-5562,CONNECTED,OTHER,ADB sync detected
1784208699474,emulator-5562,DISCONNECTED,OTHER,ADB sync removed
1784208700978,emulator-5562,CONNECTED,OTHER,ADB sync detected
1784208719090,emulator-5562,DISCONNECTED,OTHER,ADB sync removed
1784208720603,emulator-5562,CONNECTED,OTHER,ADB sync detected
1784208738721,emulator-5562,DISCONNECTED,OTHER,ADB sync removed
1784208740225,emulator-5562,CONNECTED,OTHER,ADB sync detected
1784208749266,emulator-5562,DISCONNECTED,OTHER,ADB sync removed
1784208750775,emulator-5562,CONNECTED,OTHER,ADB sync detected
1784208768890,emulator-5562,DISCONNECTED,OTHER,ADB sync removed
1784208770404,emulator-5562,CONNECTED,OTHER,ADB sync detected
1784208779451,emulator-5562,DISCONNECTED,OTHER,ADB sync removed
1784208780957,emulator-5562,CONNECTED,OTHER,ADB sync detected
1784208799058,emulator-5562,DISCONNECTED,OTHER,ADB sync removed
1784208800569,emulator-5562,CONNECTED,OTHER,ADB sync detected
1784208809613,emulator-5562,DISCONNECTED,OTHER,ADB sync removed
1784208811127,emulator-5562,CONNECTED,OTHER,ADB sync detected
1784208818670,emulator-5562,DISCONNECTED,OTHER,ADB sync removed
1784208820185,emulator-5562,CONNECTED,OTHER,ADB sync detected
1784208829232,emulator-5562,DISCONNECTED,OTHER,ADB sync removed
1784208830736,emulator-5562,CONNECTED,OTHER,ADB sync detected
1784208848825,emulator-5562,DISCONNECTED,OTHER,ADB sync removed
1784208850338,emulator-5562,CONNECTED,OTHER,ADB sync detected
1784208859413,emulator-5562,DISCONNECTED,OTHER,ADB sync removed
1784208860926,emulator-5562,CONNECTED,OTHER,ADB sync detected
1784208879038,emulator-5562,DISCONNECTED,OTHER,ADB sync removed
1784208880550,emulator-5562,CONNECTED,OTHER,ADB sync detected
1784208889598,emulator-5562,DISCONNECTED,OTHER,ADB sync removed
1784208891104,emulator-5562,CONNECTED,OTHER,ADB sync detected
1784208909175,emulator-5562,DISCONNECTED,OTHER,ADB sync removed
1784208910677,emulator-5562,CONNECTED,OTHER,ADB sync detected
1784208919717,emulator-5562,DISCONNECTED,OTHER,ADB sync removed
1784208921227,emulator-5562,CONNECTED,OTHER,ADB sync detected
1784208928784,emulator-5562,DISCONNECTED,OTHER,ADB sync removed
1784208930298,emulator-5562,CONNECTED,OTHER,ADB sync detected
1784208939324,emulator-5562,DISCONNECTED,OTHER,ADB sync removed
1784208940827,emulator-5562,CONNECTED,OTHER,ADB sync detected
1784208958950,emulator-5562,DISCONNECTED,OTHER,ADB sync removed
1784208960451,emulator-5562,CONNECTED,OTHER,ADB sync detected
1784208969508,emulator-5562,DISCONNECTED,OTHER,ADB sync removed
1784208971010,emulator-5562,CONNECTED,OTHER,ADB sync detected
1784208989084,emulator-5562,DISCONNECTED,OTHER,ADB sync removed
1784208990585,emulator-5562,CONNECTED,OTHER,ADB sync detected
1784208999615,emulator-5562,DISCONNECTED,OTHER,ADB sync removed
1784209001121,emulator-5562,CONNECTED,OTHER,ADB sync detected
1784209019214,emulator-5562,DISCONNECTED,OTHER,ADB sync removed
1784209020722,emulator-5562,CONNECTED,OTHER,ADB sync detected
1784209029781,emulator-5562,DISCONNECTED,OTHER,ADB sync removed
1784209031286,emulator-5562,CONNECTED,OTHER,ADB sync detected
1784209049373,emulator-5562,DISCONNECTED,OTHER,ADB sync removed
1784209050886,emulator-5562,CONNECTED,OTHER,ADB sync detected
1784209068965,emulator-5562,DISCONNECTED,OTHER,ADB sync removed
1784209070469,emulator-5562,CONNECTED,OTHER,ADB sync detected
1784209079528,emulator-5562,DISCONNECTED,OTHER,ADB sync removed
1784209081036,emulator-5562,CONNECTED,OTHER,ADB sync detected
1784209099133,emulator-5562,DISCONNECTED,OTHER,ADB sync removed
1784209100635,emulator-5562,CONNECTED,OTHER,ADB sync detected
1784209109676,emulator-5562,DISCONNECTED,OTHER,ADB sync removed
1784209111178,emulator-5562,CONNECTED,OTHER,ADB sync detected
1784209129268,emulator-5562,DISCONNECTED,OTHER,ADB sync removed
1784209130774,emulator-5562,CONNECTED,OTHER,ADB sync detected
1784209139804,emulator-5562,DISCONNECTED,OTHER,ADB sync removed
1784209141307,emulator-5562,CONNECTED,OTHER,ADB sync detected
1784209159369,emulator-5562,DISCONNECTED,OTHER,ADB sync removed
1784209160876,emulator-5562,CONNECTED,OTHER,ADB sync detected
1784209169926,emulator-5562,DISCONNECTED,OTHER,ADB sync removed
1784209171429,emulator-5562,CONNECTED,OTHER,ADB sync detected
1784209189528,emulator-5562,DISCONNECTED,OTHER,ADB sync removed
1784209191034,emulator-5562,CONNECTED,OTHER,ADB sync detected
1784209209134,emulator-5562,DISCONNECTED,OTHER,ADB sync removed
1784209210650,emulator-5562,CONNECTED,OTHER,ADB sync detected
1784209219688,emulator-5562,DISCONNECTED,OTHER,ADB sync removed
1784209221199,emulator-5562,CONNECTED,OTHER,ADB sync detected
1784209239303,emulator-5562,DISCONNECTED,OTHER,ADB sync removed
1784209240812,emulator-5562,CONNECTED,OTHER,ADB sync detected
1784209249843,emulator-5562,DISCONNECTED,OTHER,ADB sync removed
1784209251348,emulator-5562,CONNECTED,OTHER,ADB sync detected
1784209269447,emulator-5562,DISCONNECTED,OTHER,ADB sync removed
1784209270952,emulator-5562,CONNECTED,OTHER,ADB sync detected
1784209279999,emulator-5562,DISCONNECTED,OTHER,ADB sync removed
1784209281502,emulator-5562,CONNECTED,OTHER,ADB sync detected
1784209299603,emulator-5562,DISCONNECTED,OTHER,ADB sync removed
1784209301110,emulator-5562,CONNECTED,OTHER,ADB sync detected
1784209319186,emulator-5562,DISCONNECTED,OTHER,ADB sync removed
1784209320696,emulator-5562,CONNECTED,OTHER,ADB sync detected
1784209329744,emulator-5562,DISCONNECTED,OTHER,ADB sync removed
1784209331259,emulator-5562,CONNECTED,OTHER,ADB sync detected
1784209349339,emulator-5562,DISCONNECTED,OTHER,ADB sync removed
1784209350847,emulator-5562,CONNECTED,OTHER,ADB sync detected
1784209359867,emulator-5562,DISCONNECTED,OTHER,ADB sync removed
1784209361376,emulator-5562,CONNECTED,OTHER,ADB sync detected
1784209379469,emulator-5562,DISCONNECTED,OTHER,ADB sync removed
1784209380983,emulator-5562,CONNECTED,OTHER,ADB sync detected
1784209390036,emulator-5562,DISCONNECTED,OTHER,ADB sync removed
1784209391551,emulator-5562,CONNECTED,OTHER,ADB sync detected
1784209409650,emulator-5562,DISCONNECTED,OTHER,ADB sync removed
1784209411164,emulator-5562,CONNECTED,OTHER,ADB sync detected
1784209429263,emulator-5562,DISCONNECTED,OTHER,ADB sync removed
1784209430773,emulator-5562,CONNECTED,OTHER,ADB sync detected
1784209439813,emulator-5562,DISCONNECTED,OTHER,ADB sync removed
1784209441324,emulator-5562,CONNECTED,OTHER,ADB sync detected
1784209459404,emulator-5562,DISCONNECTED,OTHER,ADB sync removed
1784209460912,emulator-5562,CONNECTED,OTHER,ADB sync detected
1784209469971,emulator-5562,DISCONNECTED,OTHER,ADB sync removed
1784209471477,emulator-5562,CONNECTED,OTHER,ADB sync detected
1784209489571,emulator-5562,DISCONNECTED,OTHER,ADB sync removed
1784209491076,emulator-5562,CONNECTED,OTHER,ADB sync detected
1784209500128,emulator-5562,DISCONNECTED,OTHER,ADB sync removed
1784209501631,emulator-5562,CONNECTED,OTHER,ADB sync detected
1784209519733,emulator-5562,DISCONNECTED,OTHER,ADB sync removed
1784209521234,emulator-5562,CONNECTED,OTHER,ADB sync detected
1784209530263,emulator-5562,DISCONNECTED,OTHER,ADB sync removed
1784209531772,emulator-5562,CONNECTED,OTHER,ADB sync detected
1784209539308,emulator-5562,DISCONNECTED,OTHER,ADB sync removed
1784209540812,emulator-5562,CONNECTED,OTHER,ADB sync detected
1784209549849,emulator-5562,DISCONNECTED,OTHER,ADB sync removed
1784209551355,emulator-5562,CONNECTED,OTHER,ADB sync detected
1784209569473,emulator-5562,DISCONNECTED,OTHER,ADB sync removed
1784209570975,emulator-5562,CONNECTED,OTHER,ADB sync detected
1784209580027,emulator-5562,DISCONNECTED,OTHER,ADB sync removed
1784209581534,emulator-5562,CONNECTED,OTHER,ADB sync detected
1784209599643,emulator-5562,DISCONNECTED,OTHER,ADB sync removed
1784209601147,emulator-5562,CONNECTED,OTHER,ADB sync detected
1784209610206,emulator-5562,DISCONNECTED,OTHER,ADB sync removed
1784209611712,emulator-5562,CONNECTED,OTHER,ADB sync detected
1784209629828,emulator-5562,DISCONNECTED,OTHER,ADB sync removed
1784209631336,emulator-5562,CONNECTED,OTHER,ADB sync detected
1784209649417,emulator-5562,DISCONNECTED,OTHER,ADB sync removed
1784209650919,emulator-5562,CONNECTED,OTHER,ADB sync detected
1784209659969,emulator-5562,DISCONNECTED,OTHER,ADB sync removed
1784209661471,emulator-5562,CONNECTED,OTHER,ADB sync detected
1784209679573,emulator-5562,DISCONNECTED,OTHER,ADB sync removed
1784209681077,emulator-5562,CONNECTED,OTHER,ADB sync detected
1784209690137,emulator-5562,DISCONNECTED,OTHER,ADB sync removed
1784209691643,emulator-5562,CONNECTED,OTHER,ADB sync detected
1784209709727,emulator-5562,DISCONNECTED,OTHER,ADB sync removed
1784209711230,emulator-5562,CONNECTED,OTHER,ADB sync detected
1784209720283,emulator-5562,DISCONNECTED,OTHER,ADB sync removed
1784209721784,emulator-5562,CONNECTED,OTHER,ADB sync detected
1784209739895,emulator-5562,DISCONNECTED,OTHER,ADB sync removed
1784209741409,emulator-5562,CONNECTED,OTHER,ADB sync detected
1784209750458,emulator-5562,DISCONNECTED,OTHER,ADB sync removed
1784209751969,emulator-5562,CONNECTED,OTHER,ADB sync detected
1784209759490,emulator-5562,DISCONNECTED,OTHER,ADB sync removed
1784209761003,emulator-5562,CONNECTED,OTHER,ADB sync detected
1784209770050,emulator-5562,DISCONNECTED,OTHER,ADB sync removed
1784209771555,emulator-5562,CONNECTED,OTHER,ADB sync detected
1784209789646,emulator-5562,DISCONNECTED,OTHER,ADB sync removed
1784209791160,emulator-5562,CONNECTED,OTHER,ADB sync detected
1784209800209,emulator-5562,DISCONNECTED,OTHER,ADB sync removed
1784209801717,emulator-5562,CONNECTED,OTHER,ADB sync detected
1784209819790,emulator-5562,DISCONNECTED,OTHER,ADB sync removed
1784209821294,emulator-5562,CONNECTED,OTHER,ADB sync detected
1784209830341,emulator-5562,DISCONNECTED,OTHER,ADB sync removed
1784209831847,emulator-5562,CONNECTED,OTHER,ADB sync detected
1784209849955,emulator-5562,DISCONNECTED,OTHER,ADB sync removed
1784209851457,emulator-5562,CONNECTED,OTHER,ADB sync detected
1784209860507,emulator-5562,DISCONNECTED,OTHER,ADB sync removed
1784209862022,emulator-5562,CONNECTED,OTHER,ADB sync detected
1784209869579,emulator-5562,DISCONNECTED,OTHER,ADB sync removed
1784209871093,emulator-5562,CONNECTED,OTHER,ADB sync detected
1784209880139,emulator-5562,DISCONNECTED,OTHER,ADB sync removed
1784209881648,emulator-5562,CONNECTED,OTHER,ADB sync detected
1784209899778,emulator-5562,DISCONNECTED,OTHER,ADB sync removed
1784209901289,emulator-5562,CONNECTED,OTHER,ADB sync detected
1784209910338,emulator-5562,DISCONNECTED,OTHER,ADB sync removed
1784209911845,emulator-5562,CONNECTED,OTHER,ADB sync detected
1784209929923,emulator-5562,DISCONNECTED,OTHER,ADB sync removed
1784209931426,emulator-5562,CONNECTED,OTHER,ADB sync detected
1784209940487,emulator-5562,DISCONNECTED,OTHER,ADB sync removed
1784209941994,emulator-5562,CONNECTED,OTHER,ADB sync detected
1784209960092,emulator-5562,DISCONNECTED,OTHER,ADB sync removed
1784209961605,emulator-5562,CONNECTED,OTHER,ADB sync detected
1784209979678,emulator-5562,DISCONNECTED,OTHER,ADB sync removed
1784209981185,emulator-5562,CONNECTED,OTHER,ADB sync detected
1784209990231,emulator-5562,DISCONNECTED,OTHER,ADB sync removed
1784209991735,emulator-5562,CONNECTED,OTHER,ADB sync detected
1784210009837,emulator-5562,DISCONNECTED,OTHER,ADB sync removed
1784210011350,emulator-5562,CONNECTED,OTHER,ADB sync detected
1784210020394,emulator-5562,DISCONNECTED,OTHER,ADB sync removed
1784210021906,emulator-5562,CONNECTED,OTHER,ADB sync detected
1784210040001,emulator-5562,DISCONNECTED,OTHER,ADB sync removed
1784210041505,emulator-5562,CONNECTED,OTHER,ADB sync detected
1784210050544,emulator-5562,DISCONNECTED,OTHER,ADB sync removed
1784210052045,emulator-5562,CONNECTED,OTHER,ADB sync detected
1784210070142,emulator-5562,DISCONNECTED,OTHER,ADB sync removed
1784210071651,emulator-5562,CONNECTED,OTHER,ADB sync detected
1784210089738,emulator-5562,DISCONNECTED,OTHER,ADB sync removed
1784210091238,emulator-5562,CONNECTED,OTHER,ADB sync detected
1784210100295,emulator-5562,DISCONNECTED,OTHER,ADB sync removed
1784210101811,emulator-5562,CONNECTED,OTHER,ADB sync detected
1784210119905,emulator-5562,DISCONNECTED,OTHER,ADB sync removed
1784210121415,emulator-5562,CONNECTED,OTHER,ADB sync detected
1784210130469,emulator-5562,DISCONNECTED,OTHER,ADB sync removed
1784210131980,emulator-5562,CONNECTED,OTHER,ADB sync detected
1784210150068,emulator-5562,DISCONNECTED,OTHER,ADB sync removed
1784210151574,emulator-5562,CONNECTED,OTHER,ADB sync detected
1784210160626,emulator-5562,DISCONNECTED,OTHER,ADB sync removed
1784210162136,emulator-5562,CONNECTED,OTHER,ADB sync detected
1784210180259,emulator-5562,DISCONNECTED,OTHER,ADB sync removed
1784210181763,emulator-5562,CONNECTED,OTHER,ADB sync detected
1784210199864,emulator-5562,DISCONNECTED,OTHER,ADB sync removed
1784210201377,emulator-5562,CONNECTED,OTHER,ADB sync detected
1784210210423,emulator-5562,DISCONNECTED,OTHER,ADB sync removed
1784210211937,emulator-5562,CONNECTED,OTHER,ADB sync detected
1784210230044,emulator-5562,DISCONNECTED,OTHER,ADB sync removed
1784210231556,emulator-5562,CONNECTED,OTHER,ADB sync detected
1784210240608,emulator-5562,DISCONNECTED,OTHER,ADB sync removed
1784210242122,emulator-5562,CONNECTED,OTHER,ADB sync detected
1784210260190,emulator-5562,DISCONNECTED,OTHER,ADB sync removed
1784210261705,emulator-5562,CONNECTED,OTHER,ADB sync detected
1784210270759,emulator-5562,DISCONNECTED,OTHER,ADB sync removed
1784210272267,emulator-5562,CONNECTED,OTHER,ADB sync detected
1784210290370,emulator-5562,DISCONNECTED,OTHER,ADB sync removed
1784210291878,emulator-5562,CONNECTED,OTHER,ADB sync detected
1784210309921,emulator-5562,DISCONNECTED,OTHER,ADB sync removed
1784210311432,emulator-5562,CONNECTED,OTHER,ADB sync detected
1784210320479,emulator-5562,DISCONNECTED,OTHER,ADB sync removed
1784210321991,emulator-5562,CONNECTED,OTHER,ADB sync detected
1784210340093,emulator-5562,DISCONNECTED,OTHER,ADB sync removed
1784210341595,emulator-5562,CONNECTED,OTHER,ADB sync detected
1784210350636,emulator-5562,DISCONNECTED,OTHER,ADB sync removed
1784210352147,emulator-5562,CONNECTED,OTHER,ADB sync detected
1784210370260,emulator-5562,DISCONNECTED,OTHER,ADB sync removed
1784210371770,emulator-5562,CONNECTED,OTHER,ADB sync detected
1784210380814,emulator-5562,DISCONNECTED,OTHER,ADB sync removed
1784210382322,emulator-5562,CONNECTED,OTHER,ADB sync detected
1784210400424,emulator-5562,DISCONNECTED,OTHER,ADB sync removed
1784210401937,emulator-5562,CONNECTED,OTHER,ADB sync detected
1784210420065,emulator-5562,DISCONNECTED,OTHER,ADB sync removed
1784210421570,emulator-5562,CONNECTED,OTHER,ADB sync detected
1784210430618,emulator-5562,DISCONNECTED,OTHER,ADB sync removed
1784210432121,emulator-5562,CONNECTED,OTHER,ADB sync detected
1784210450233,emulator-5562,DISCONNECTED,OTHER,ADB sync removed
1784210451737,emulator-5562,CONNECTED,OTHER,ADB sync detected
1784210460783,emulator-5562,DISCONNECTED,OTHER,ADB sync removed
1784210462290,emulator-5562,CONNECTED,OTHER,ADB sync detected
1784210480402,emulator-5562,DISCONNECTED,OTHER,ADB sync removed
1784210481915,emulator-5562,CONNECTED,OTHER,ADB sync detected
1784210490968,emulator-5562,DISCONNECTED,OTHER,ADB sync removed
1784210492471,emulator-5562,CONNECTED,OTHER,ADB sync detected
1784210510562,emulator-5562,DISCONNECTED,OTHER,ADB sync removed
1784210512066,emulator-5562,CONNECTED,OTHER,ADB sync detected
1784210530163,emulator-5562,DISCONNECTED,OTHER,ADB sync removed
1784210531673,emulator-5562,CONNECTED,OTHER,ADB sync detected
1784210540736,emulator-5562,DISCONNECTED,OTHER,ADB sync removed
1784210542251,emulator-5562,CONNECTED,OTHER,ADB sync detected
1784210560354,emulator-5562,DISCONNECTED,OTHER,ADB sync removed
1784210561862,emulator-5562,CONNECTED,OTHER,ADB sync detected
1784210570906,emulator-5562,DISCONNECTED,OTHER,ADB sync removed
1784210572407,emulator-5562,CONNECTED,OTHER,ADB sync detected
1784210590485,emulator-5562,DISCONNECTED,OTHER,ADB sync removed
1784210591993,emulator-5562,CONNECTED,OTHER,ADB sync detected
1784210601044,emulator-5562,DISCONNECTED,OTHER,ADB sync removed
1784210602547,emulator-5562,CONNECTED,OTHER,ADB sync detected
1784210620626,emulator-5562,DISCONNECTED,OTHER,ADB sync removed
1784210622129,emulator-5562,CONNECTED,OTHER,ADB sync detected
1784210640226,emulator-5562,DISCONNECTED,OTHER,ADB sync removed
1784210641736,emulator-5562,CONNECTED,OTHER,ADB sync detected
1784210650783,emulator-5562,DISCONNECTED,OTHER,ADB sync removed
1784210652289,emulator-5562,CONNECTED,OTHER,ADB sync detected
1784210670402,emulator-5562,DISCONNECTED,OTHER,ADB sync removed
1784210671906,emulator-5562,CONNECTED,OTHER,ADB sync detected
1784210680967,emulator-5562,DISCONNECTED,OTHER,ADB sync removed
1784210682470,emulator-5562,CONNECTED,OTHER,ADB sync detected
1784210700567,emulator-5562,DISCONNECTED,OTHER,ADB sync removed
1784210702075,emulator-5562,CONNECTED,OTHER,ADB sync detected
1784210711116,emulator-5562,DISCONNECTED,OTHER,ADB sync removed
1784210712630,emulator-5562,CONNECTED,OTHER,ADB sync detected
1784210730721,emulator-5562,DISCONNECTED,OTHER,ADB sync removed
1784210732231,emulator-5562,CONNECTED,OTHER,ADB sync detected
1784210750546,emulator-5562,DISCONNECTED,OTHER,ADB sync removed
1784210752057,emulator-5562,CONNECTED,OTHER,ADB sync detected
1784210761097,emulator-5562,DISCONNECTED,OTHER,ADB sync removed
1784210762608,emulator-5562,CONNECTED,OTHER,ADB sync detected
1784210780726,emulator-5562,DISCONNECTED,OTHER,ADB sync removed
1784210782227,emulator-5562,CONNECTED,OTHER,ADB sync detected
1784210791285,emulator-5562,DISCONNECTED,OTHER,ADB sync removed
1784210792796,emulator-5562,CONNECTED,OTHER,ADB sync detected
1784210800343,emulator-5562,DISCONNECTED,OTHER,ADB sync removed
1784210801858,emulator-5562,CONNECTED,OTHER,ADB sync detected
1784210810918,emulator-5562,DISCONNECTED,OTHER,ADB sync removed
1784210812419,emulator-5562,CONNECTED,OTHER,ADB sync detected
1784210830508,emulator-5562,DISCONNECTED,OTHER,ADB sync removed
1784210832010,emulator-5562,CONNECTED,OTHER,ADB sync detected
1784210841056,emulator-5562,DISCONNECTED,OTHER,ADB sync removed
1784210842563,emulator-5562,CONNECTED,OTHER,ADB sync detected
1784210860642,emulator-5562,DISCONNECTED,OTHER,ADB sync removed
1784210862156,emulator-5562,CONNECTED,OTHER,ADB sync detected
1784210871210,emulator-5562,DISCONNECTED,OTHER,ADB sync removed
1784210872713,emulator-5562,CONNECTED,OTHER,ADB sync detected
1784210890786,emulator-5562,DISCONNECTED,OTHER,ADB sync removed
1784210892293,emulator-5562,CONNECTED,OTHER,ADB sync detected
1784210901334,emulator-5562,DISCONNECTED,OTHER,ADB sync removed
1784210902849,emulator-5562,CONNECTED,OTHER,ADB sync detected
1784210910386,emulator-5562,DISCONNECTED,OTHER,ADB sync removed
1784210911893,emulator-5562,CONNECTED,OTHER,ADB sync detected
1784210920952,emulator-5562,DISCONNECTED,OTHER,ADB sync removed
1784210922452,emulator-5562,CONNECTED,OTHER,ADB sync detected
1784210940557,emulator-5562,DISCONNECTED,OTHER,ADB sync removed
1784210942067,emulator-5562,CONNECTED,OTHER,ADB sync detected
1784210951099,emulator-5562,DISCONNECTED,OTHER,ADB sync removed
1784210952600,emulator-5562,CONNECTED,OTHER,ADB sync detected
1784210970684,emulator-5562,DISCONNECTED,OTHER,ADB sync removed
1784210972190,emulator-5562,CONNECTED,OTHER,ADB sync detected
1784210981246,emulator-5562,DISCONNECTED,OTHER,ADB sync removed
1784210982750,emulator-5562,CONNECTED,OTHER,ADB sync detected
1784211000868,emulator-5562,DISCONNECTED,OTHER,ADB sync removed
1784211002375,emulator-5562,CONNECTED,OTHER,ADB sync detected
1784211011423,emulator-5562,DISCONNECTED,OTHER,ADB sync removed
1784211012934,emulator-5562,CONNECTED,OTHER,ADB sync detected
1784211020482,emulator-5562,DISCONNECTED,OTHER,ADB sync removed
1784211021987,emulator-5562,CONNECTED,OTHER,ADB sync detected
1784211031055,emulator-5562,DISCONNECTED,OTHER,ADB sync removed
1784211032565,emulator-5562,CONNECTED,OTHER,ADB sync detected
1784211050657,emulator-5562,DISCONNECTED,OTHER,ADB sync removed
1784211052171,emulator-5562,CONNECTED,OTHER,ADB sync detected
1784211061212,emulator-5562,DISCONNECTED,OTHER,ADB sync removed
1784211062723,emulator-5562,CONNECTED,OTHER,ADB sync detected
1784211080817,emulator-5562,DISCONNECTED,OTHER,ADB sync removed
1784211082320,emulator-5562,CONNECTED,OTHER,ADB sync detected
1784211091370,emulator-5562,DISCONNECTED,OTHER,ADB sync removed
1784211092873,emulator-5562,CONNECTED,OTHER,ADB sync detected
1784211110992,emulator-5562,DISCONNECTED,OTHER,ADB sync removed
1784211112506,emulator-5562,CONNECTED,OTHER,ADB sync detected
1784211121536,emulator-5562,DISCONNECTED,OTHER,ADB sync removed
1784211123044,emulator-5562,CONNECTED,OTHER,ADB sync detected
1784211130601,emulator-5562,DISCONNECTED,OTHER,ADB sync removed
1784211132115,emulator-5562,CONNECTED,OTHER,ADB sync detected
1784211141176,emulator-5562,DISCONNECTED,OTHER,ADB sync removed
1784211142681,emulator-5562,CONNECTED,OTHER,ADB sync detected
1784211160781,emulator-5562,DISCONNECTED,OTHER,ADB sync removed
1784211162284,emulator-5562,CONNECTED,OTHER,ADB sync detected
1784211171331,emulator-5562,DISCONNECTED,OTHER,ADB sync removed
1784211172840,emulator-5562,CONNECTED,OTHER,ADB sync detected
1784211190925,emulator-5562,DISCONNECTED,OTHER,ADB sync removed
1784211192436,emulator-5562,CONNECTED,OTHER,ADB sync detected
1784211201483,emulator-5562,DISCONNECTED,OTHER,ADB sync removed
1784211202995,emulator-5562,CONNECTED,OTHER,ADB sync detected
1784211221107,emulator-5562,DISCONNECTED,OTHER,ADB sync removed
1784211222611,emulator-5562,CONNECTED,OTHER,ADB sync detected
1784211240668,emulator-5562,DISCONNECTED,OTHER,ADB sync removed
1784211242171,emulator-5562,CONNECTED,OTHER,ADB sync detected
1784211251229,emulator-5562,DISCONNECTED,OTHER,ADB sync removed
1784211252737,emulator-5562,CONNECTED,OTHER,ADB sync detected
1784211270829,emulator-5562,DISCONNECTED,OTHER,ADB sync removed
1784211272340,emulator-5562,CONNECTED,OTHER,ADB sync detected
1784211281383,emulator-5562,DISCONNECTED,OTHER,ADB sync removed
1784211282885,emulator-5562,CONNECTED,OTHER,ADB sync detected
1784211300989,emulator-5562,DISCONNECTED,OTHER,ADB sync removed
1784211302503,emulator-5562,CONNECTED,OTHER,ADB sync detected
1784211311558,emulator-5562,DISCONNECTED,OTHER,ADB sync removed
1784211313067,emulator-5562,CONNECTED,OTHER,ADB sync detected
1784211331175,emulator-5562,DISCONNECTED,OTHER,ADB sync removed
1784211332682,emulator-5562,CONNECTED,OTHER,ADB sync detected
1784211350789,emulator-5562,DISCONNECTED,OTHER,ADB sync removed
1784211352299,emulator-5562,CONNECTED,OTHER,ADB sync detected
1784211361364,emulator-5562,DISCONNECTED,OTHER,ADB sync removed
1784211362874,emulator-5562,CONNECTED,OTHER,ADB sync detected
1784211380942,emulator-5562,DISCONNECTED,OTHER,ADB sync removed
1784211382448,emulator-5562,CONNECTED,OTHER,ADB sync detected
1784211391507,emulator-5562,DISCONNECTED,OTHER,ADB sync removed
1784211393021,emulator-5562,CONNECTED,OTHER,ADB sync detected
1784211411095,emulator-5562,DISCONNECTED,OTHER,ADB sync removed
1784211412602,emulator-5562,CONNECTED,OTHER,ADB sync detected
1784211421653,emulator-5562,DISCONNECTED,OTHER,ADB sync removed
1784211423165,emulator-5562,CONNECTED,OTHER,ADB sync detected
1784211441261,emulator-5562,DISCONNECTED,OTHER,ADB sync removed
1784211442761,emulator-5562,CONNECTED,OTHER,ADB sync detected
1784211460872,emulator-5562,DISCONNECTED,OTHER,ADB sync removed
1784211462375,emulator-5562,CONNECTED,OTHER,ADB sync detected
1784211471438,emulator-5562,DISCONNECTED,OTHER,ADB sync removed
1784211472938,emulator-5562,CONNECTED,OTHER,ADB sync detected
1784211491047,emulator-5562,DISCONNECTED,OTHER,ADB sync removed
1784211492549,emulator-5562,CONNECTED,OTHER,ADB sync detected
1784211501601,emulator-5562,DISCONNECTED,OTHER,ADB sync removed
1784211503102,emulator-5562,CONNECTED,OTHER,ADB sync detected
1784211521217,emulator-5562,DISCONNECTED,OTHER,ADB sync removed
1784211522725,emulator-5562,CONNECTED,OTHER,ADB sync detected
1784211531782,emulator-5562,DISCONNECTED,OTHER,ADB sync removed
1784211533287,emulator-5562,CONNECTED,OTHER,ADB sync detected
1784211551417,emulator-5562,DISCONNECTED,OTHER,ADB sync removed
1784211552961,emulator-5562,CONNECTED,OTHER,ADB sync detected
1784211571044,emulator-5562,DISCONNECTED,OTHER,ADB sync removed
1784211572550,emulator-5562,CONNECTED,OTHER,ADB sync detected
1784211581586,emulator-5562,DISCONNECTED,OTHER,ADB sync removed
1784211583095,emulator-5562,CONNECTED,OTHER,ADB sync detected
1784211601205,emulator-5562,DISCONNECTED,OTHER,ADB sync removed
1784211602716,emulator-5562,CONNECTED,OTHER,ADB sync detected
1784211611778,emulator-5562,DISCONNECTED,OTHER,ADB sync removed
1784211613285,emulator-5562,CONNECTED,OTHER,ADB sync detected
1784211631401,emulator-5562,DISCONNECTED,OTHER,ADB sync removed
1784211632911,emulator-5562,CONNECTED,OTHER,ADB sync detected
1784211641957,emulator-5562,DISCONNECTED,OTHER,ADB sync removed
1784211643460,emulator-5562,CONNECTED,OTHER,ADB sync detected
1784211651019,emulator-5562,DISCONNECTED,OTHER,ADB sync removed
1784211652529,emulator-5562,CONNECTED,OTHER,ADB sync detected
1784211661592,emulator-5562,DISCONNECTED,OTHER,ADB sync removed
1784211663106,emulator-5562,CONNECTED,OTHER,ADB sync detected
1784211681209,emulator-5562,DISCONNECTED,OTHER,ADB sync removed
1784211682724,emulator-5562,CONNECTED,OTHER,ADB sync detected
1784211691780,emulator-5562,DISCONNECTED,OTHER,ADB sync removed
1784211693289,emulator-5562,CONNECTED,OTHER,ADB sync detected
1784211711376,emulator-5562,DISCONNECTED,OTHER,ADB sync removed
1784211712890,emulator-5562,CONNECTED,OTHER,ADB sync detected
1784211721931,emulator-5562,DISCONNECTED,OTHER,ADB sync removed
1784211723435,emulator-5562,CONNECTED,OTHER,ADB sync detected
1784211741524,emulator-5562,DISCONNECTED,OTHER,ADB sync removed
1784211743027,emulator-5562,CONNECTED,OTHER,ADB sync detected
1784211761108,emulator-5562,DISCONNECTED,OTHER,ADB sync removed
1784211762608,emulator-5562,CONNECTED,OTHER,ADB sync detected
1784211771661,emulator-5562,DISCONNECTED,OTHER,ADB sync removed
1784211773169,emulator-5562,CONNECTED,OTHER,ADB sync detected
1784211791265,emulator-5562,DISCONNECTED,OTHER,ADB sync removed
1784211792765,emulator-5562,CONNECTED,OTHER,ADB sync detected
1784211801799,emulator-5562,DISCONNECTED,OTHER,ADB sync removed
1784211803311,emulator-5562,CONNECTED,OTHER,ADB sync detected
1784211821401,emulator-5562,DISCONNECTED,OTHER,ADB sync removed
1784211822913,emulator-5562,CONNECTED,OTHER,ADB sync detected
1784211831955,emulator-5562,DISCONNECTED,OTHER,ADB sync removed
1784211833455,emulator-5562,CONNECTED,OTHER,ADB sync detected
1784211851519,emulator-5562,DISCONNECTED,OTHER,ADB sync removed
1784211853033,emulator-5562,CONNECTED,OTHER,ADB sync detected
1784211862093,emulator-5562,DISCONNECTED,OTHER,ADB sync removed
1784211863593,emulator-5562,CONNECTED,OTHER,ADB sync detected
1784211881672,emulator-5562,DISCONNECTED,OTHER,ADB sync removed
1784211883186,emulator-5562,CONNECTED,OTHER,ADB sync detected
1784211901280,emulator-5562,DISCONNECTED,OTHER,ADB sync removed
1784211902795,emulator-5562,CONNECTED,OTHER,ADB sync detected
1784211911865,emulator-5562,DISCONNECTED,OTHER,ADB sync removed
1784211913367,emulator-5562,CONNECTED,OTHER,ADB sync detected
1784211931478,emulator-5562,DISCONNECTED,OTHER,ADB sync removed
1784211932985,emulator-5562,CONNECTED,OTHER,ADB sync detected
1784211942034,emulator-5562,DISCONNECTED,OTHER,ADB sync removed
1784211943547,emulator-5562,CONNECTED,OTHER,ADB sync detected
1784211961645,emulator-5562,DISCONNECTED,OTHER,ADB sync removed
1784211963157,emulator-5562,CONNECTED,OTHER,ADB sync detected
1784211972218,emulator-5562,DISCONNECTED,OTHER,ADB sync removed
1784211973727,emulator-5562,CONNECTED,OTHER,ADB sync detected
1784211981276,emulator-5562,DISCONNECTED,OTHER,ADB sync removed
1784211982786,emulator-5562,CONNECTED,OTHER,ADB sync detected
1784211991842,emulator-5562,DISCONNECTED,OTHER,ADB sync removed
1784211993357,emulator-5562,CONNECTED,OTHER,ADB sync detected
1784212011447,emulator-5562,DISCONNECTED,OTHER,ADB sync removed
1784212012952,emulator-5562,CONNECTED,OTHER,ADB sync detected
1784212021995,emulator-5562,DISCONNECTED,OTHER,ADB sync removed
1784212023498,emulator-5562,CONNECTED,OTHER,ADB sync detected
1784212041589,emulator-5562,DISCONNECTED,OTHER,ADB sync removed
1784212043094,emulator-5562,CONNECTED,OTHER,ADB sync detected
1784212052142,emulator-5562,DISCONNECTED,OTHER,ADB sync removed
1784212053650,emulator-5562,CONNECTED,OTHER,ADB sync detected
1784212071748,emulator-5562,DISCONNECTED,OTHER,ADB sync removed
1784212073253,emulator-5562,CONNECTED,OTHER,ADB sync detected
1784212082307,emulator-5562,DISCONNECTED,OTHER,ADB sync removed
1784212083812,emulator-5562,CONNECTED,OTHER,ADB sync detected
1784212091347,emulator-5562,DISCONNECTED,OTHER,ADB sync removed
1784212092858,emulator-5562,CONNECTED,OTHER,ADB sync detected
1784212101916,emulator-5562,DISCONNECTED,OTHER,ADB sync removed
1784212103417,emulator-5562,CONNECTED,OTHER,ADB sync detected
1784212121504,emulator-5562,DISCONNECTED,OTHER,ADB sync removed
1784212123006,emulator-5562,CONNECTED,OTHER,ADB sync detected
1784212132044,emulator-5562,DISCONNECTED,OTHER,ADB sync removed
1784212133556,emulator-5562,CONNECTED,OTHER,ADB sync detected
1784212151662,emulator-5562,DISCONNECTED,OTHER,ADB sync removed
1784212153165,emulator-5562,CONNECTED,OTHER,ADB sync detected
1784212162210,emulator-5562,DISCONNECTED,OTHER,ADB sync removed
1784212163712,emulator-5562,CONNECTED,OTHER,ADB sync detected
1784212181783,emulator-5562,DISCONNECTED,OTHER,ADB sync removed
1784212183298,emulator-5562,CONNECTED,OTHER,ADB sync detected
1784212192372,emulator-5562,DISCONNECTED,OTHER,ADB sync removed
1784212193878,emulator-5562,CONNECTED,OTHER,ADB sync detected
1784212211968,emulator-5562,DISCONNECTED,OTHER,ADB sync removed
1784212213477,emulator-5562,CONNECTED,OTHER,ADB sync detected
1784212231579,emulator-5562,DISCONNECTED,OTHER,ADB sync removed
1784212233085,emulator-5562,CONNECTED,OTHER,ADB sync detected
1784212242119,emulator-5562,DISCONNECTED,OTHER,ADB sync removed
1784212243629,emulator-5562,CONNECTED,OTHER,ADB sync detected
1784212261706,emulator-5562,DISCONNECTED,OTHER,ADB sync removed
1784212263208,emulator-5562,CONNECTED,OTHER,ADB sync detected
1784212272283,emulator-5562,DISCONNECTED,OTHER,ADB sync removed
1784212273797,emulator-5562,CONNECTED,OTHER,ADB sync detected
1784212291875,emulator-5562,DISCONNECTED,OTHER,ADB sync removed
1784212293383,emulator-5562,CONNECTED,OTHER,ADB sync detected
1784212302430,emulator-5562,DISCONNECTED,OTHER,ADB sync removed
1784212303938,emulator-5562,CONNECTED,OTHER,ADB sync detected
1784212322037,emulator-5562,DISCONNECTED,OTHER,ADB sync removed
1784212323542,emulator-5562,CONNECTED,OTHER,ADB sync detected
1784212341630,emulator-5562,DISCONNECTED,OTHER,ADB sync removed
1784212343132,emulator-5562,CONNECTED,OTHER,ADB sync detected
1784212349168,C7YVB20423009098,DISCONNECTED,OTHER,ADB sync removed
1784212352179,emulator-5562,DISCONNECTED,OTHER,ADB sync removed
1784212353682,emulator-5562,CONNECTED,OTHER,ADB sync detected
1784212371777,emulator-5562,DISCONNECTED,OTHER,ADB sync removed
1784212373279,emulator-5562,CONNECTED,OTHER,ADB sync detected
1784212382327,emulator-5562,DISCONNECTED,OTHER,ADB sync removed
1784212383841,emulator-5562,CONNECTED,OTHER,ADB sync detected
1784212401941,emulator-5562,DISCONNECTED,OTHER,ADB sync removed
1784212403442,emulator-5562,CONNECTED,OTHER,ADB sync detected
1784212412463,emulator-5562,DISCONNECTED,OTHER,ADB sync removed
1784212413963,emulator-5562,CONNECTED,OTHER,ADB sync detected
1784212432065,emulator-5562,DISCONNECTED,OTHER,ADB sync removed
1784212433577,emulator-5562,CONNECTED,OTHER,ADB sync detected
1784212451690,emulator-5562,DISCONNECTED,OTHER,ADB sync removed
1784212453196,emulator-5562,CONNECTED,OTHER,ADB sync detected
